------------------------------------------------------------
TimeQuest Timing Analyzer Summary
------------------------------------------------------------

Type  : Slow 1100mV 85C Model Setup 'clk'
Slack : 12.109
TNS   : 0.000

Type  : Slow 1100mV 85C Model Hold 'clk'
Slack : 0.374
TNS   : 0.000

Type  : Slow 1100mV 85C Model Minimum Pulse Width 'clk'
Slack : 9.393
TNS   : 0.000

Type  : Slow 1100mV 0C Model Setup 'clk'
Slack : 12.126
TNS   : 0.000

Type  : Slow 1100mV 0C Model Hold 'clk'
Slack : 0.375
TNS   : 0.000

Type  : Slow 1100mV 0C Model Minimum Pulse Width 'clk'
Slack : 9.316
TNS   : 0.000

Type  : Fast 1100mV 85C Model Setup 'clk'
Slack : 15.226
TNS   : 0.000

Type  : Fast 1100mV 85C Model Hold 'clk'
Slack : 0.239
TNS   : 0.000

Type  : Fast 1100mV 85C Model Minimum Pulse Width 'clk'
Slack : 9.415
TNS   : 0.000

Type  : Fast 1100mV 0C Model Setup 'clk'
Slack : 15.647
TNS   : 0.000

Type  : Fast 1100mV 0C Model Hold 'clk'
Slack : 0.224
TNS   : 0.000

Type  : Fast 1100mV 0C Model Minimum Pulse Width 'clk'
Slack : 9.415
TNS   : 0.000

------------------------------------------------------------
