------------------------------------------------------------
TimeQuest Timing Analyzer Summary
------------------------------------------------------------

Type  : Slow 1100mV 85C Model Setup 'clk'
Slack : 8.159
TNS   : 0.000

Type  : Slow 1100mV 85C Model Hold 'clk'
Slack : 0.229
TNS   : 0.000

Type  : Slow 1100mV 85C Model Minimum Pulse Width 'clk'
Slack : 9.395
TNS   : 0.000

Type  : Slow 1100mV 0C Model Setup 'clk'
Slack : 7.928
TNS   : 0.000

Type  : Slow 1100mV 0C Model Hold 'clk'
Slack : 0.099
TNS   : 0.000

Type  : Slow 1100mV 0C Model Minimum Pulse Width 'clk'
Slack : 9.311
TNS   : 0.000

Type  : Fast 1100mV 85C Model Setup 'clk'
Slack : 13.056
TNS   : 0.000

Type  : Fast 1100mV 85C Model Hold 'clk'
Slack : 0.166
TNS   : 0.000

Type  : Fast 1100mV 85C Model Minimum Pulse Width 'clk'
Slack : 9.414
TNS   : 0.000

Type  : Fast 1100mV 0C Model Setup 'clk'
Slack : 13.496
TNS   : 0.000

Type  : Fast 1100mV 0C Model Hold 'clk'
Slack : 0.086
TNS   : 0.000

Type  : Fast 1100mV 0C Model Minimum Pulse Width 'clk'
Slack : 9.414
TNS   : 0.000

------------------------------------------------------------
