------------------------------------------------------------
TimeQuest Timing Analyzer Summary
------------------------------------------------------------

Type  : Slow 1100mV 85C Model Setup 'clk'
Slack : -1.353
TNS   : -9.359

Type  : Slow 1100mV 85C Model Hold 'clk'
Slack : 0.436
TNS   : 0.000

Type  : Slow 1100mV 85C Model Minimum Pulse Width 'clk'
Slack : -0.394
TNS   : -4.241

Type  : Slow 1100mV 0C Model Setup 'clk'
Slack : -1.444
TNS   : -9.837

Type  : Slow 1100mV 0C Model Hold 'clk'
Slack : 0.444
TNS   : 0.000

Type  : Slow 1100mV 0C Model Minimum Pulse Width 'clk'
Slack : -0.394
TNS   : -4.522

Type  : Fast 1100mV 85C Model Setup 'clk'
Slack : -0.283
TNS   : -1.614

Type  : Fast 1100mV 85C Model Hold 'clk'
Slack : 0.199
TNS   : 0.000

Type  : Fast 1100mV 85C Model Minimum Pulse Width 'clk'
Slack : -0.083
TNS   : -0.658

Type  : Fast 1100mV 0C Model Setup 'clk'
Slack : -0.243
TNS   : -1.274

Type  : Fast 1100mV 0C Model Hold 'clk'
Slack : 0.189
TNS   : 0.000

Type  : Fast 1100mV 0C Model Minimum Pulse Width 'clk'
Slack : -0.082
TNS   : -0.655

------------------------------------------------------------
