------------------------------------------------------------
TimeQuest Timing Analyzer Summary
------------------------------------------------------------

Type  : Slow 1100mV 85C Model Setup 'clk'
Slack : -1.908
TNS   : -54.963

Type  : Slow 1100mV 85C Model Hold 'clk'
Slack : 0.368
TNS   : 0.000

Type  : Slow 1100mV 85C Model Minimum Pulse Width 'clk'
Slack : -0.394
TNS   : -28.092

Type  : Slow 1100mV 0C Model Setup 'clk'
Slack : -1.954
TNS   : -59.220

Type  : Slow 1100mV 0C Model Hold 'clk'
Slack : 0.368
TNS   : 0.000

Type  : Slow 1100mV 0C Model Minimum Pulse Width 'clk'
Slack : -0.394
TNS   : -30.186

Type  : Fast 1100mV 85C Model Setup 'clk'
Slack : -0.630
TNS   : -9.230

Type  : Fast 1100mV 85C Model Hold 'clk'
Slack : 0.197
TNS   : 0.000

Type  : Fast 1100mV 85C Model Minimum Pulse Width 'clk'
Slack : -0.081
TNS   : -4.129

Type  : Fast 1100mV 0C Model Setup 'clk'
Slack : -0.540
TNS   : -7.384

Type  : Fast 1100mV 0C Model Hold 'clk'
Slack : 0.187
TNS   : 0.000

Type  : Fast 1100mV 0C Model Minimum Pulse Width 'clk'
Slack : -0.080
TNS   : -4.148

------------------------------------------------------------
